[
  {
    "location": {
      "filePath": "service.bal",
      "startLine": 19,
      "endLine": 19,
      "startColumn": 27,
      "endColumn": 75,
      "startOffset": 752,
      "length": 48
    },
    "rule": {
      "id": "ballerina/http:4",
      "numericId": 4,
      "description": "HTTP request redirections should not be open to forging attacks",
      "ruleKind": "VULNERABILITY"
    },
    "source": "BUILT_IN",
    "fileName": "rule4/service.bal",
    "filePath": "/home/nureka/Documents/GitHub/module-ballerina-http/compiler-plugin-tests/src/test/resources/static_code_analyzer/ballerina_packages/rule4/service.bal"
  }
]
